{
  "id": "s1",
  "verb": "set",
  "attrs": {
    "path": "./out.txt",
    "mode": "write"
  }
}