{
  "pair": "r3",
  "status": "error",
  "error.code": "EXEC_TIMEOUT"
}