{
  "id": "sT2",
  "verb": "set",
  "attrs": { "path": ".tools/loggrep/impl.sh", "mode": "write" }
}